// Jest Snapshot v1, https://goo.gl/fbAQLP

exports[`CreatePackPage component CreatePackPage snapshot 1`] = `
Object {
  "asFragment": [Function],
  "baseElement": <body>
    <div>
      <div
        class="root"
        data-testid="create-pack-page"
      >
        <div
          class="stepContainer"
        >
          <div
            class="stepNames"
          >
            <div
              class="step"
            >
              <div
                class="step"
              >
                <div
                  class="step stepRed"
                >
                  pack information
                  <div
                    class="line"
                  />
                </div>
              </div>
            </div>
            <div
              class="step"
            >
              <div
                class="step"
              >
                <div
                  class="step stepBlue"
                >
                  pack cover
                  <div
                    class="line"
                  />
                </div>
              </div>
            </div>
            <div
              class="step"
            >
              <div
                class="step"
              >
                <div
                  class="step stepBlue"
                >
                  pack audio
                  <div
                    class="line"
                  />
                </div>
              </div>
            </div>
          </div>
          <div
            class="stepUploadInfo"
          >
            <div
              class="stepOne"
            >
              <form
                class="packUploadWrapper"
              >
                <label>
                  GENRE
                </label>
                <input
                  name="genre"
                  type="text"
                />
                <p />
                <label>
                  AUTHOR NAME
                </label>
                <input
                  name="authorName"
                  type="text"
                />
                <p />
                <label>
                  DESCRIPTION
                </label>
                <textarea
                  name="description"
                />
                <p />
                <div
                  class="platformBtn"
                >
                  <button
                    class="platformBtn black"
                  >
                    SAVE INFO
                  </button>
                </div>
              </form>
            </div>
          </div>
        </div>
        <div
          class="bottomPanel"
        >
          <div
            class="platformBtn"
          >
            <button
              class="platformBtn blueDisabled"
              disabled=""
            >
              PREV
            </button>
          </div>
          <div
            class="platformBtn"
          >
            <button
              class="platformBtn blue"
            >
              NEXT
            </button>
          </div>
        </div>
      </div>
      <div
        class="root"
        data-testid="create-pack-page"
      >
        <div
          class="stepContainer"
        >
          <div
            class="stepNames"
          >
            <div
              class="step"
            >
              <div
                class="step"
              >
                <div
                  class="step stepRed"
                >
                  pack information
                  <div
                    class="line"
                  />
                </div>
              </div>
            </div>
            <div
              class="step"
            >
              <div
                class="step"
              >
                <div
                  class="step stepBlue"
                >
                  pack cover
                  <div
                    class="line"
                  />
                </div>
              </div>
            </div>
            <div
              class="step"
            >
              <div
                class="step"
              >
                <div
                  class="step stepBlue"
                >
                  pack audio
                  <div
                    class="line"
                  />
                </div>
              </div>
            </div>
          </div>
          <div
            class="stepUploadInfo"
          >
            <div
              class="stepOne"
            >
              <form
                class="packUploadWrapper"
              >
                <label>
                  GENRE
                </label>
                <input
                  name="genre"
                  type="text"
                />
                <p />
                <label>
                  AUTHOR NAME
                </label>
                <input
                  name="authorName"
                  type="text"
                />
                <p />
                <label>
                  DESCRIPTION
                </label>
                <textarea
                  name="description"
                />
                <p />
                <div
                  class="platformBtn"
                >
                  <button
                    class="platformBtn black"
                  >
                    SAVE INFO
                  </button>
                </div>
              </form>
            </div>
          </div>
        </div>
        <div
          class="bottomPanel"
        >
          <div
            class="platformBtn"
          >
            <button
              class="platformBtn blueDisabled"
              disabled=""
            >
              PREV
            </button>
          </div>
          <div
            class="platformBtn"
          >
            <button
              class="platformBtn blue"
            >
              NEXT
            </button>
          </div>
        </div>
      </div>
    </div>
  </body>,
  "container": <div>
    <div
      class="root"
      data-testid="create-pack-page"
    >
      <div
        class="stepContainer"
      >
        <div
          class="stepNames"
        >
          <div
            class="step"
          >
            <div
              class="step"
            >
              <div
                class="step stepRed"
              >
                pack information
                <div
                  class="line"
                />
              </div>
            </div>
          </div>
          <div
            class="step"
          >
            <div
              class="step"
            >
              <div
                class="step stepBlue"
              >
                pack cover
                <div
                  class="line"
                />
              </div>
            </div>
          </div>
          <div
            class="step"
          >
            <div
              class="step"
            >
              <div
                class="step stepBlue"
              >
                pack audio
                <div
                  class="line"
                />
              </div>
            </div>
          </div>
        </div>
        <div
          class="stepUploadInfo"
        >
          <div
            class="stepOne"
          >
            <form
              class="packUploadWrapper"
            >
              <label>
                GENRE
              </label>
              <input
                name="genre"
                type="text"
              />
              <p />
              <label>
                AUTHOR NAME
              </label>
              <input
                name="authorName"
                type="text"
              />
              <p />
              <label>
                DESCRIPTION
              </label>
              <textarea
                name="description"
              />
              <p />
              <div
                class="platformBtn"
              >
                <button
                  class="platformBtn black"
                >
                  SAVE INFO
                </button>
              </div>
            </form>
          </div>
        </div>
      </div>
      <div
        class="bottomPanel"
      >
        <div
          class="platformBtn"
        >
          <button
            class="platformBtn blueDisabled"
            disabled=""
          >
            PREV
          </button>
        </div>
        <div
          class="platformBtn"
        >
          <button
            class="platformBtn blue"
          >
            NEXT
          </button>
        </div>
      </div>
    </div>
    <div
      class="root"
      data-testid="create-pack-page"
    >
      <div
        class="stepContainer"
      >
        <div
          class="stepNames"
        >
          <div
            class="step"
          >
            <div
              class="step"
            >
              <div
                class="step stepRed"
              >
                pack information
                <div
                  class="line"
                />
              </div>
            </div>
          </div>
          <div
            class="step"
          >
            <div
              class="step"
            >
              <div
                class="step stepBlue"
              >
                pack cover
                <div
                  class="line"
                />
              </div>
            </div>
          </div>
          <div
            class="step"
          >
            <div
              class="step"
            >
              <div
                class="step stepBlue"
              >
                pack audio
                <div
                  class="line"
                />
              </div>
            </div>
          </div>
        </div>
        <div
          class="stepUploadInfo"
        >
          <div
            class="stepOne"
          >
            <form
              class="packUploadWrapper"
            >
              <label>
                GENRE
              </label>
              <input
                name="genre"
                type="text"
              />
              <p />
              <label>
                AUTHOR NAME
              </label>
              <input
                name="authorName"
                type="text"
              />
              <p />
              <label>
                DESCRIPTION
              </label>
              <textarea
                name="description"
              />
              <p />
              <div
                class="platformBtn"
              >
                <button
                  class="platformBtn black"
                >
                  SAVE INFO
                </button>
              </div>
            </form>
          </div>
        </div>
      </div>
      <div
        class="bottomPanel"
      >
        <div
          class="platformBtn"
        >
          <button
            class="platformBtn blueDisabled"
            disabled=""
          >
            PREV
          </button>
        </div>
        <div
          class="platformBtn"
        >
          <button
            class="platformBtn blue"
          >
            NEXT
          </button>
        </div>
      </div>
    </div>
  </div>,
  "debug": [Function],
  "findAllByAltText": [Function],
  "findAllByDisplayValue": [Function],
  "findAllByLabelText": [Function],
  "findAllByPlaceholderText": [Function],
  "findAllByRole": [Function],
  "findAllByTestId": [Function],
  "findAllByText": [Function],
  "findAllByTitle": [Function],
  "findByAltText": [Function],
  "findByDisplayValue": [Function],
  "findByLabelText": [Function],
  "findByPlaceholderText": [Function],
  "findByRole": [Function],
  "findByTestId": [Function],
  "findByText": [Function],
  "findByTitle": [Function],
  "getAllByAltText": [Function],
  "getAllByDisplayValue": [Function],
  "getAllByLabelText": [Function],
  "getAllByPlaceholderText": [Function],
  "getAllByRole": [Function],
  "getAllByTestId": [Function],
  "getAllByText": [Function],
  "getAllByTitle": [Function],
  "getByAltText": [Function],
  "getByDisplayValue": [Function],
  "getByLabelText": [Function],
  "getByPlaceholderText": [Function],
  "getByRole": [Function],
  "getByTestId": [Function],
  "getByText": [Function],
  "getByTitle": [Function],
  "queryAllByAltText": [Function],
  "queryAllByDisplayValue": [Function],
  "queryAllByLabelText": [Function],
  "queryAllByPlaceholderText": [Function],
  "queryAllByRole": [Function],
  "queryAllByTestId": [Function],
  "queryAllByText": [Function],
  "queryAllByTitle": [Function],
  "queryByAltText": [Function],
  "queryByDisplayValue": [Function],
  "queryByLabelText": [Function],
  "queryByPlaceholderText": [Function],
  "queryByRole": [Function],
  "queryByTestId": [Function],
  "queryByText": [Function],
  "queryByTitle": [Function],
  "rerender": [Function],
  "unmount": [Function],
}
`;
