// Jest Snapshot v1, https://goo.gl/fbAQLP

exports[`PackItem component PackItem snapshot 1`] = `
Object {
  "asFragment": [Function],
  "baseElement": <body>
    <div>
      <div
        class="root"
        data-testid="packs-page"
      >
        <div
          class="player"
        >
          <video
            autoplay=""
            class="playerVideo"
            loop=""
            src="https://storage.yandexcloud.net/sample-cloud/videos/ARCADE%20by%20Output.mp4"
          />
          <div
            class="initialInformation"
          >
            <h1>
              More than a sample library
            </h1>
            <p>
              Samples are a source of inspiration. It’s what you do with them that matters. SampleCloud allows you to shape millions of royalty-free samples to your sound.
            </p>
          </div>
        </div>
        <div
          class="inputContainer"
        >
          <label>
            Sounds
          </label>
          <div
            class="search"
          >
            <svg
              class="searchIcon"
              viewBox="0 0 512 512"
              width="95"
            >
              <path
                d="M505 442.7L405.3 343c-4.5-4.5-10.6-7-17-7H372c27.6-35.3 44-79.7 44-128C416 93.1 322.9 0 208 0S0 93.1 0 208s93.1 208 208 208c48.3 0 92.7-16.4 128-44v16.3c0 6.4 2.5 12.5 7 17l99.7 99.7c9.4 9.4 24.6 9.4 33.9 0l28.3-28.3c9.4-9.4 9.4-24.6.1-34zM208 336c-70.7 0-128-57.2-128-128 0-70.7 57.2-128 128-128 70.7 0 128 57.2 128 128 0 70.7-57.2 128-128 128z"
              />
            </svg>
            <input
              class="searchInput"
              placeholder=""
              type="text"
              value=""
            />
            <svg
              class="searchClose"
              viewBox="0 0 352 512"
              width="100"
            >
              <path
                d="M242.72 256l100.07-100.07c12.28-12.28 12.28-32.19 0-44.48l-22.24-22.24c-12.28-12.28-32.19-12.28-44.48 0L176 189.28 75.93 89.21c-12.28-12.28-32.19-12.28-44.48 0L9.21 111.45c-12.28 12.28-12.28 32.19 0 44.48L109.28 256 9.21 356.07c-12.28 12.28-12.28 32.19 0 44.48l22.24 22.24c12.28 12.28 32.2 12.28 44.48 0L176 322.72l100.07 100.07c12.28 12.28 32.2 12.28 44.48 0l22.24-22.24c12.28-12.28 12.28-32.19 0-44.48L242.72 256z"
              />
            </svg>
            <svg
              class="searchDelete"
              viewBox="0 0 640 512"
              width="100"
            >
              <path
                d="M576 64H205.26A63.97 63.97 0 0 0 160 82.75L9.37 233.37c-12.5 12.5-12.5 32.76 0 45.25L160 429.25c12 12 28.28 18.75 45.25 18.75H576c35.35 0 64-28.65 64-64V128c0-35.35-28.65-64-64-64zm-84.69 254.06c6.25 6.25 6.25 16.38 0 22.63l-22.62 22.62c-6.25 6.25-16.38 6.25-22.63 0L384 301.25l-62.06 62.06c-6.25 6.25-16.38 6.25-22.63 0l-22.62-22.62c-6.25-6.25-6.25-16.38 0-22.63L338.75 256l-62.06-62.06c-6.25-6.25-6.25-16.38 0-22.63l22.62-22.62c6.25-6.25 16.38-6.25 22.63 0L384 210.75l62.06-62.06c6.25-6.25 16.38-6.25 22.63 0l22.62 22.62c6.25 6.25 6.25 16.38 0 22.63L429.25 256l62.06 62.06z"
              />
            </svg>
          </div>
        </div>
        <div
          class="root"
        >
          <div
            class="loaderWrapper"
          >
            <div
              class="loader"
            >
              <div
                class="MuiCircularProgress-root MuiCircularProgress-colorPrimary MuiCircularProgress-indeterminate"
                role="progressbar"
                style="width: 40px; height: 40px;"
              >
                <svg
                  class="MuiCircularProgress-svg"
                  viewBox="22 22 44 44"
                >
                  <circle
                    class="MuiCircularProgress-circle MuiCircularProgress-circleIndeterminate"
                    cx="44"
                    cy="44"
                    fill="none"
                    r="20.2"
                    stroke-width="3.6"
                  />
                </svg>
              </div>
            </div>
          </div>
          <div
            class="loaderPagination"
          />
        </div>
      </div>
      <div
        class="packCardWrapper"
      >
        <a
          class="packCard"
          data-testid="profile-pack-link"
          href="/profile-pack/621fe5b9815ea94e0e103a89"
        >
          <div
            class="playPauseCircle"
          >
            <div
              class="platformBtn"
            >
              <button
                class="platformBtn"
              >
                <svg
                  aria-hidden="true"
                  class="MuiSvgIcon-root"
                  focusable="false"
                  style="color: rgb(255, 255, 255); font-size: 60px; cursor: pointer;"
                  viewBox="0 0 24 24"
                >
                  <path
                    d="M12 2C6.48 2 2 6.48 2 12s4.48 10 10 10 10-4.48 10-10S17.52 2 12 2zm-2 14.5v-9l6 4.5-6 4.5z"
                  />
                </svg>
              </button>
            </div>
          </div>
          <img
            alt="pack-cover"
            src="https://sample-cloud.storage.yandexcloud.net/PACK-IMAGES/5dd58548-f621-4fad-b985-3a03d22dd574.jpeg"
          />
          <div>
            <div>
              Bass House
            </div>
            <div
              style="font-size: 12px; color: gray;"
            >
              James Blake
            </div>
          </div>
        </a>
      </div>
    </div>
  </body>,
  "container": <div>
    <div
      class="root"
      data-testid="packs-page"
    >
      <div
        class="player"
      >
        <video
          autoplay=""
          class="playerVideo"
          loop=""
          src="https://storage.yandexcloud.net/sample-cloud/videos/ARCADE%20by%20Output.mp4"
        />
        <div
          class="initialInformation"
        >
          <h1>
            More than a sample library
          </h1>
          <p>
            Samples are a source of inspiration. It’s what you do with them that matters. SampleCloud allows you to shape millions of royalty-free samples to your sound.
          </p>
        </div>
      </div>
      <div
        class="inputContainer"
      >
        <label>
          Sounds
        </label>
        <div
          class="search"
        >
          <svg
            class="searchIcon"
            viewBox="0 0 512 512"
            width="95"
          >
            <path
              d="M505 442.7L405.3 343c-4.5-4.5-10.6-7-17-7H372c27.6-35.3 44-79.7 44-128C416 93.1 322.9 0 208 0S0 93.1 0 208s93.1 208 208 208c48.3 0 92.7-16.4 128-44v16.3c0 6.4 2.5 12.5 7 17l99.7 99.7c9.4 9.4 24.6 9.4 33.9 0l28.3-28.3c9.4-9.4 9.4-24.6.1-34zM208 336c-70.7 0-128-57.2-128-128 0-70.7 57.2-128 128-128 70.7 0 128 57.2 128 128 0 70.7-57.2 128-128 128z"
            />
          </svg>
          <input
            class="searchInput"
            placeholder=""
            type="text"
            value=""
          />
          <svg
            class="searchClose"
            viewBox="0 0 352 512"
            width="100"
          >
            <path
              d="M242.72 256l100.07-100.07c12.28-12.28 12.28-32.19 0-44.48l-22.24-22.24c-12.28-12.28-32.19-12.28-44.48 0L176 189.28 75.93 89.21c-12.28-12.28-32.19-12.28-44.48 0L9.21 111.45c-12.28 12.28-12.28 32.19 0 44.48L109.28 256 9.21 356.07c-12.28 12.28-12.28 32.19 0 44.48l22.24 22.24c12.28 12.28 32.2 12.28 44.48 0L176 322.72l100.07 100.07c12.28 12.28 32.2 12.28 44.48 0l22.24-22.24c12.28-12.28 12.28-32.19 0-44.48L242.72 256z"
            />
          </svg>
          <svg
            class="searchDelete"
            viewBox="0 0 640 512"
            width="100"
          >
            <path
              d="M576 64H205.26A63.97 63.97 0 0 0 160 82.75L9.37 233.37c-12.5 12.5-12.5 32.76 0 45.25L160 429.25c12 12 28.28 18.75 45.25 18.75H576c35.35 0 64-28.65 64-64V128c0-35.35-28.65-64-64-64zm-84.69 254.06c6.25 6.25 6.25 16.38 0 22.63l-22.62 22.62c-6.25 6.25-16.38 6.25-22.63 0L384 301.25l-62.06 62.06c-6.25 6.25-16.38 6.25-22.63 0l-22.62-22.62c-6.25-6.25-6.25-16.38 0-22.63L338.75 256l-62.06-62.06c-6.25-6.25-6.25-16.38 0-22.63l22.62-22.62c6.25-6.25 16.38-6.25 22.63 0L384 210.75l62.06-62.06c6.25-6.25 16.38-6.25 22.63 0l22.62 22.62c6.25 6.25 6.25 16.38 0 22.63L429.25 256l62.06 62.06z"
            />
          </svg>
        </div>
      </div>
      <div
        class="root"
      >
        <div
          class="loaderWrapper"
        >
          <div
            class="loader"
          >
            <div
              class="MuiCircularProgress-root MuiCircularProgress-colorPrimary MuiCircularProgress-indeterminate"
              role="progressbar"
              style="width: 40px; height: 40px;"
            >
              <svg
                class="MuiCircularProgress-svg"
                viewBox="22 22 44 44"
              >
                <circle
                  class="MuiCircularProgress-circle MuiCircularProgress-circleIndeterminate"
                  cx="44"
                  cy="44"
                  fill="none"
                  r="20.2"
                  stroke-width="3.6"
                />
              </svg>
            </div>
          </div>
        </div>
        <div
          class="loaderPagination"
        />
      </div>
    </div>
    <div
      class="packCardWrapper"
    >
      <a
        class="packCard"
        data-testid="profile-pack-link"
        href="/profile-pack/621fe5b9815ea94e0e103a89"
      >
        <div
          class="playPauseCircle"
        >
          <div
            class="platformBtn"
          >
            <button
              class="platformBtn"
            >
              <svg
                aria-hidden="true"
                class="MuiSvgIcon-root"
                focusable="false"
                style="color: rgb(255, 255, 255); font-size: 60px; cursor: pointer;"
                viewBox="0 0 24 24"
              >
                <path
                  d="M12 2C6.48 2 2 6.48 2 12s4.48 10 10 10 10-4.48 10-10S17.52 2 12 2zm-2 14.5v-9l6 4.5-6 4.5z"
                />
              </svg>
            </button>
          </div>
        </div>
        <img
          alt="pack-cover"
          src="https://sample-cloud.storage.yandexcloud.net/PACK-IMAGES/5dd58548-f621-4fad-b985-3a03d22dd574.jpeg"
        />
        <div>
          <div>
            Bass House
          </div>
          <div
            style="font-size: 12px; color: gray;"
          >
            James Blake
          </div>
        </div>
      </a>
    </div>
  </div>,
  "debug": [Function],
  "findAllByAltText": [Function],
  "findAllByDisplayValue": [Function],
  "findAllByLabelText": [Function],
  "findAllByPlaceholderText": [Function],
  "findAllByRole": [Function],
  "findAllByTestId": [Function],
  "findAllByText": [Function],
  "findAllByTitle": [Function],
  "findByAltText": [Function],
  "findByDisplayValue": [Function],
  "findByLabelText": [Function],
  "findByPlaceholderText": [Function],
  "findByRole": [Function],
  "findByTestId": [Function],
  "findByText": [Function],
  "findByTitle": [Function],
  "getAllByAltText": [Function],
  "getAllByDisplayValue": [Function],
  "getAllByLabelText": [Function],
  "getAllByPlaceholderText": [Function],
  "getAllByRole": [Function],
  "getAllByTestId": [Function],
  "getAllByText": [Function],
  "getAllByTitle": [Function],
  "getByAltText": [Function],
  "getByDisplayValue": [Function],
  "getByLabelText": [Function],
  "getByPlaceholderText": [Function],
  "getByRole": [Function],
  "getByTestId": [Function],
  "getByText": [Function],
  "getByTitle": [Function],
  "queryAllByAltText": [Function],
  "queryAllByDisplayValue": [Function],
  "queryAllByLabelText": [Function],
  "queryAllByPlaceholderText": [Function],
  "queryAllByRole": [Function],
  "queryAllByTestId": [Function],
  "queryAllByText": [Function],
  "queryAllByTitle": [Function],
  "queryByAltText": [Function],
  "queryByDisplayValue": [Function],
  "queryByLabelText": [Function],
  "queryByPlaceholderText": [Function],
  "queryByRole": [Function],
  "queryByTestId": [Function],
  "queryByText": [Function],
  "queryByTitle": [Function],
  "rerender": [Function],
  "unmount": [Function],
}
`;
